foo = "bar"
longer = "baz"

foo {
	foo    = "bar"
	longer = "baz"
}